Archive member included because of file (symbol)

c:/winavr-20081205/bin/../lib/gcc/avr/4.3.2/avr5\libgcc.a(_divmodhi4.o)
                              test_glcd2.o (__divmodhi4)
c:/winavr-20081205/bin/../lib/gcc/avr/4.3.2/avr5\libgcc.a(_exit.o)
                              c:/winavr-20081205/bin/../lib/gcc/avr/4.3.2/../../../../avr/lib/avr5/crtm16.o (exit)
c:/winavr-20081205/bin/../lib/gcc/avr/4.3.2/avr5\libgcc.a(_copy_data.o)
                              test_glcd2.o (__do_copy_data)
c:/winavr-20081205/bin/../lib/gcc/avr/4.3.2/avr5\libgcc.a(_clear_bss.o)
                              test_glcd2.o (__do_clear_bss)
c:/winavr-20081205/bin/../lib/gcc/avr/4.3.2/avr5\libgcc.a(_udivmodhi4.o)
                              c:/winavr-20081205/bin/../lib/gcc/avr/4.3.2/avr5\libgcc.a(_divmodhi4.o) (__udivmodhi4)
c:/winavr-20081205/bin/../lib/gcc/avr/4.3.2/../../../../avr/lib/avr5\libc.a(itoa.o)
                              test_glcd2.o (itoa)
c:/winavr-20081205/bin/../lib/gcc/avr/4.3.2/../../../../avr/lib/avr5\libc.a(strrev.o)
                              c:/winavr-20081205/bin/../lib/gcc/avr/4.3.2/../../../../avr/lib/avr5\libc.a(itoa.o) (strrev)

Allocating common symbols
Common symbol       size              file

food                0x2               test_glcd2.o
v_l                 0x2               test_glcd2.o
b                   0xa               test_glcd2.o
xpos                0x1               test_glcd2.o
j                   0x2               test_glcd2.o
x                   0x2               test_glcd2.o
xfood               0x2               test_glcd2.o
d1                  0x2               test_glcd2.o
k                   0x2               test_glcd2.o
yfood2              0x2               test_glcd2.o
test_time           0x2               test_glcd2.o
z                   0x2               test_glcd2.o
ks0108FontColor     0x1               test_glcd2.o
food2               0x2               test_glcd2.o
i                   0x2               test_glcd2.o
check               0x2               test_glcd2.o
ks0108Coord         0x3               test_glcd2.o
xfood2              0x2               test_glcd2.o
yfood               0x2               test_glcd2.o
c                   0xa               test_glcd2.o
d2                  0x2               test_glcd2.o
k2                  0x2               test_glcd2.o
v_r                 0x2               test_glcd2.o
ks0108FontRead      0x2               test_glcd2.o
event               0x2               test_glcd2.o
time                0x2               test_glcd2.o
y                   0x2               test_glcd2.o
v_u                 0x2               test_glcd2.o
ks0108Font          0x2               test_glcd2.o
buf                 0x5               test_glcd2.o
Fscore2             0x2               test_glcd2.o
ypos                0x1               test_glcd2.o
a                   0xa               test_glcd2.o
k1                  0x2               test_glcd2.o
prev_level          0x2               test_glcd2.o
v_d                 0x2               test_glcd2.o
d3                  0x2               test_glcd2.o

Memory Configuration

Name             Origin             Length             Attributes
text             0x00000000         0x00020000         xr
data             0x00800060         0x0000ffa0         rw !x
eeprom           0x00810000         0x00010000         rw !x
fuse             0x00820000         0x00000400         rw !x
lock             0x00830000         0x00000400         rw !x
signature        0x00840000         0x00000400         rw !x
*default*        0x00000000         0xffffffff

Linker script and memory map

LOAD c:/winavr-20081205/bin/../lib/gcc/avr/4.3.2/../../../../avr/lib/avr5/crtm16.o
LOAD test_glcd2.o
LOAD c:/winavr-20081205/bin/../lib/gcc/avr/4.3.2/avr5\libgcc.a
LOAD c:/winavr-20081205/bin/../lib/gcc/avr/4.3.2/../../../../avr/lib/avr5\libc.a
LOAD c:/winavr-20081205/bin/../lib/gcc/avr/4.3.2/avr5\libgcc.a

.hash
 *(.hash)

.dynsym
 *(.dynsym)

.dynstr
 *(.dynstr)

.gnu.version
 *(.gnu.version)

.gnu.version_d
 *(.gnu.version_d)

.gnu.version_r
 *(.gnu.version_r)

.rel.init
 *(.rel.init)

.rela.init
 *(.rela.init)

.rel.text
 *(.rel.text)
 *(.rel.text.*)
 *(.rel.gnu.linkonce.t*)

.rela.text
 *(.rela.text)
 *(.rela.text.*)
 *(.rela.gnu.linkonce.t*)

.rel.fini
 *(.rel.fini)

.rela.fini
 *(.rela.fini)

.rel.rodata
 *(.rel.rodata)
 *(.rel.rodata.*)
 *(.rel.gnu.linkonce.r*)

.rela.rodata
 *(.rela.rodata)
 *(.rela.rodata.*)
 *(.rela.gnu.linkonce.r*)

.rel.data
 *(.rel.data)
 *(.rel.data.*)
 *(.rel.gnu.linkonce.d*)

.rela.data
 *(.rela.data)
 *(.rela.data.*)
 *(.rela.gnu.linkonce.d*)

.rel.ctors
 *(.rel.ctors)

.rela.ctors
 *(.rela.ctors)

.rel.dtors
 *(.rel.dtors)

.rela.dtors
 *(.rela.dtors)

.rel.got
 *(.rel.got)

.rela.got
 *(.rela.got)

.rel.bss
 *(.rel.bss)

.rela.bss
 *(.rela.bss)

.rel.plt
 *(.rel.plt)

.rela.plt
 *(.rela.plt)

.text           0x00000000     0x5af6
 *(.vectors)
 .vectors       0x00000000       0x54 c:/winavr-20081205/bin/../lib/gcc/avr/4.3.2/../../../../avr/lib/avr5/crtm16.o
                0x00000000                __vectors
                0x00000000                __vector_default
 *(.vectors)
 *(.progmem.gcc*)
 *(.progmem*)
 .progmem.data  0x00000054     0x12cc test_glcd2.o
                0x00001320                . = ALIGN (0x2)
                0x00001320                __trampolines_start = .
 *(.trampolines)
 .trampolines   0x00001320        0x0 linker stubs
 *(.trampolines*)
                0x00001320                __trampolines_end = .
 *(.jumptables)
 *(.jumptables*)
 *(.lowtext)
 *(.lowtext*)
                0x00001320                __ctors_start = .
 *(.ctors)
                0x00001320                __ctors_end = .
                0x00001320                __dtors_start = .
 *(.dtors)
                0x00001320                __dtors_end = .
 SORT(*)(.ctors)
 SORT(*)(.dtors)
 *(.init0)
 .init0         0x00001320        0x0 c:/winavr-20081205/bin/../lib/gcc/avr/4.3.2/../../../../avr/lib/avr5/crtm16.o
                0x00001320                __init
 *(.init0)
 *(.init1)
 *(.init1)
 *(.init2)
 .init2         0x00001320        0xc c:/winavr-20081205/bin/../lib/gcc/avr/4.3.2/../../../../avr/lib/avr5/crtm16.o
 *(.init2)
 *(.init3)
 *(.init3)
 *(.init4)
 .init4         0x0000132c       0x16 c:/winavr-20081205/bin/../lib/gcc/avr/4.3.2/avr5\libgcc.a(_copy_data.o)
                0x0000132c                __do_copy_data
 .init4         0x00001342       0x10 c:/winavr-20081205/bin/../lib/gcc/avr/4.3.2/avr5\libgcc.a(_clear_bss.o)
                0x00001342                __do_clear_bss
 *(.init4)
 *(.init5)
 *(.init5)
 *(.init6)
 *(.init6)
 *(.init7)
 *(.init7)
 *(.init8)
 *(.init8)
 *(.init9)
 .init9         0x00001352        0x8 c:/winavr-20081205/bin/../lib/gcc/avr/4.3.2/../../../../avr/lib/avr5/crtm16.o
 *(.init9)
 *(.text)
 .text          0x0000135a        0x4 c:/winavr-20081205/bin/../lib/gcc/avr/4.3.2/../../../../avr/lib/avr5/crtm16.o
                0x0000135a                __vector_1
                0x0000135a                __vector_12
                0x0000135a                __bad_interrupt
                0x0000135a                __vector_6
                0x0000135a                __vector_3
                0x0000135a                __vector_11
                0x0000135a                __vector_13
                0x0000135a                __vector_17
                0x0000135a                __vector_19
                0x0000135a                __vector_7
                0x0000135a                __vector_5
                0x0000135a                __vector_4
                0x0000135a                __vector_9
                0x0000135a                __vector_2
                0x0000135a                __vector_15
                0x0000135a                __vector_8
                0x0000135a                __vector_14
                0x0000135a                __vector_10
                0x0000135a                __vector_16
                0x0000135a                __vector_18
                0x0000135a                __vector_20
 .text          0x0000135e     0x46e4 test_glcd2.o
                0x00002180                read_adc
                0x000028b6                CrHBlock
                0x0000149e                ks0108GotoXY
                0x000018d6                ks0108Puts
                0x00001ab0                ks0108SetInverted
                0x00002080                LoadBitmap
                0x0000311e                menu
                0x000014e8                ks0108DoReadData
                0x00002124                LoadBitmap2
                0x00002f3e                accelerate
                0x000022e2                cb
                0x0000135e                ks0108ReadFontData
                0x0000292c                ErHBlock
                0x00001e02                ks0108DrawRect
                0x0000155e                ks0108WriteData
                0x00002bf6                numEr
                0x00002ece                check_switch
                0x000020d2                LoadBitmap1
                0x00002176                initADC
                0x0000219a                create_ball_initially
                0x0000141e                ks0108StringWidth_P
                0x00001ad0                ks0108FillRect
                0x000016a4                ks0108PutChar
                0x0000197e                ks0108InvertRect
                0x00001bfc                ks0108Init
                0x00002286                move_ball
                0x00002e8c                switches
                0x00001c4c                ks0108DrawRoundRect
                0x000028f0                ErVBlock
                0x00002816                OpeningCur
                0x00002366                surroundings
                0x0000137a                ks0108CharWidth
                0x00001452                ks0108WriteCommand
                0x000032c4                main
                0x000013ee                ks0108StringWidth
                0x000024f6                surroundings_level2
                0x00002686                surroundings_level3
                0x00002966                print_num
                0x000021ea                clear_ball
                0x00001364                ks0108SelectFont
                0x0000287a                CrVBlock
                0x00001924                ks0108SetDot
                0x000030b0                BlockClear
                0x00002230                create_ball
                0x00001886                ks0108Puts_P
                0x00001e52                ks0108DrawLine
 .text          0x00005a42        0x0 c:/winavr-20081205/bin/../lib/gcc/avr/4.3.2/avr5\libgcc.a(_divmodhi4.o)
 .text          0x00005a42        0x0 c:/winavr-20081205/bin/../lib/gcc/avr/4.3.2/avr5\libgcc.a(_exit.o)
 .text          0x00005a42        0x0 c:/winavr-20081205/bin/../lib/gcc/avr/4.3.2/avr5\libgcc.a(_copy_data.o)
 .text          0x00005a42        0x0 c:/winavr-20081205/bin/../lib/gcc/avr/4.3.2/avr5\libgcc.a(_clear_bss.o)
 .text          0x00005a42        0x0 c:/winavr-20081205/bin/../lib/gcc/avr/4.3.2/avr5\libgcc.a(_udivmodhi4.o)
 .text          0x00005a42       0x42 c:/winavr-20081205/bin/../lib/gcc/avr/4.3.2/../../../../avr/lib/avr5\libc.a(itoa.o)
                0x00005a42                itoa
 .text          0x00005a84       0x20 c:/winavr-20081205/bin/../lib/gcc/avr/4.3.2/../../../../avr/lib/avr5\libc.a(strrev.o)
                0x00005a84                strrev
                0x00005aa4                . = ALIGN (0x2)
 *(.text.*)
 .text.libgcc   0x00005aa4       0x26 c:/winavr-20081205/bin/../lib/gcc/avr/4.3.2/avr5\libgcc.a(_divmodhi4.o)
                0x00005aa4                __divmodhi4
                0x00005aa4                _div
 .text.libgcc   0x00005aca        0x0 c:/winavr-20081205/bin/../lib/gcc/avr/4.3.2/avr5\libgcc.a(_exit.o)
 .text.libgcc   0x00005aca        0x0 c:/winavr-20081205/bin/../lib/gcc/avr/4.3.2/avr5\libgcc.a(_copy_data.o)
 .text.libgcc   0x00005aca        0x0 c:/winavr-20081205/bin/../lib/gcc/avr/4.3.2/avr5\libgcc.a(_clear_bss.o)
 .text.libgcc   0x00005aca       0x28 c:/winavr-20081205/bin/../lib/gcc/avr/4.3.2/avr5\libgcc.a(_udivmodhi4.o)
                0x00005aca                __udivmodhi4
                0x00005af2                . = ALIGN (0x2)
 *(.fini9)
 .fini9         0x00005af2        0x0 c:/winavr-20081205/bin/../lib/gcc/avr/4.3.2/avr5\libgcc.a(_exit.o)
                0x00005af2                exit
                0x00005af2                _exit
 *(.fini9)
 *(.fini8)
 *(.fini8)
 *(.fini7)
 *(.fini7)
 *(.fini6)
 *(.fini6)
 *(.fini5)
 *(.fini5)
 *(.fini4)
 *(.fini4)
 *(.fini3)
 *(.fini3)
 *(.fini2)
 *(.fini2)
 *(.fini1)
 *(.fini1)
 *(.fini0)
 .fini0         0x00005af2        0x4 c:/winavr-20081205/bin/../lib/gcc/avr/4.3.2/avr5\libgcc.a(_exit.o)
 *(.fini0)
                0x00005af6                _etext = .

.data           0x00800060        0x0 load address 0x00005af6
                0x00800060                PROVIDE (__data_start, .)
 *(.data)
 .data          0x00800060        0x0 c:/winavr-20081205/bin/../lib/gcc/avr/4.3.2/../../../../avr/lib/avr5/crtm16.o
 .data          0x00800060        0x0 test_glcd2.o
 .data          0x00800060        0x0 c:/winavr-20081205/bin/../lib/gcc/avr/4.3.2/avr5\libgcc.a(_divmodhi4.o)
 .data          0x00800060        0x0 c:/winavr-20081205/bin/../lib/gcc/avr/4.3.2/avr5\libgcc.a(_exit.o)
 .data          0x00800060        0x0 c:/winavr-20081205/bin/../lib/gcc/avr/4.3.2/avr5\libgcc.a(_copy_data.o)
 .data          0x00800060        0x0 c:/winavr-20081205/bin/../lib/gcc/avr/4.3.2/avr5\libgcc.a(_clear_bss.o)
 .data          0x00800060        0x0 c:/winavr-20081205/bin/../lib/gcc/avr/4.3.2/avr5\libgcc.a(_udivmodhi4.o)
 .data          0x00800060        0x0 c:/winavr-20081205/bin/../lib/gcc/avr/4.3.2/../../../../avr/lib/avr5\libc.a(itoa.o)
 .data          0x00800060        0x0 c:/winavr-20081205/bin/../lib/gcc/avr/4.3.2/../../../../avr/lib/avr5\libc.a(strrev.o)
 *(.data*)
 *(.rodata)
 *(.rodata*)
 *(.gnu.linkonce.d*)
                0x00800060                . = ALIGN (0x2)
                0x00800060                _edata = .
                0x00800060                PROVIDE (__data_end, .)

.bss            0x00800060       0x80
                0x00800060                PROVIDE (__bss_start, .)
 *(.bss)
 .bss           0x00800060        0x0 c:/winavr-20081205/bin/../lib/gcc/avr/4.3.2/../../../../avr/lib/avr5/crtm16.o
 .bss           0x00800060       0x1d test_glcd2.o
                0x0080006f                Fscore
                0x0080006d                high_score3
                0x00800067                score1
                0x00800060                ks0108Inverted
                0x00800063                high_score1
                0x00800071                score
                0x00800079                level
                0x00800069                score2
                0x00800073                time1
                0x00800061                count
                0x0080007b                sw
                0x00800077                time3
                0x0080006b                score3
                0x00800065                high_score2
                0x00800075                time2
 .bss           0x0080007d        0x0 c:/winavr-20081205/bin/../lib/gcc/avr/4.3.2/avr5\libgcc.a(_divmodhi4.o)
 .bss           0x0080007d        0x0 c:/winavr-20081205/bin/../lib/gcc/avr/4.3.2/avr5\libgcc.a(_exit.o)
 .bss           0x0080007d        0x0 c:/winavr-20081205/bin/../lib/gcc/avr/4.3.2/avr5\libgcc.a(_copy_data.o)
 .bss           0x0080007d        0x0 c:/winavr-20081205/bin/../lib/gcc/avr/4.3.2/avr5\libgcc.a(_clear_bss.o)
 .bss           0x0080007d        0x0 c:/winavr-20081205/bin/../lib/gcc/avr/4.3.2/avr5\libgcc.a(_udivmodhi4.o)
 .bss           0x0080007d        0x0 c:/winavr-20081205/bin/../lib/gcc/avr/4.3.2/../../../../avr/lib/avr5\libc.a(itoa.o)
 .bss           0x0080007d        0x0 c:/winavr-20081205/bin/../lib/gcc/avr/4.3.2/../../../../avr/lib/avr5\libc.a(strrev.o)
 *(.bss*)
 *(COMMON)
 COMMON         0x0080007d       0x63 test_glcd2.o
                0x0080007d                food
                0x0080007f                v_l
                0x00800081                b
                0x0080008b                xpos
                0x0080008c                j
                0x0080008e                x
                0x00800090                xfood
                0x00800092                d1
                0x00800094                k
                0x00800096                yfood2
                0x00800098                test_time
                0x0080009a                z
                0x0080009c                ks0108FontColor
                0x0080009d                food2
                0x0080009f                i
                0x008000a1                check
                0x008000a3                ks0108Coord
                0x008000a6                xfood2
                0x008000a8                yfood
                0x008000aa                c
                0x008000b4                d2
                0x008000b6                k2
                0x008000b8                v_r
                0x008000ba                ks0108FontRead
                0x008000bc                event
                0x008000be                time
                0x008000c0                y
                0x008000c2                v_u
                0x008000c4                ks0108Font
                0x008000c6                buf
                0x008000cb                Fscore2
                0x008000cd                ypos
                0x008000ce                a
                0x008000d8                k1
                0x008000da                prev_level
                0x008000dc                v_d
                0x008000de                d3
                0x008000e0                PROVIDE (__bss_end, .)
                0x00005af6                __data_load_start = LOADADDR (.data)
                0x00005af6                __data_load_end = (__data_load_start + SIZEOF (.data))

.noinit         0x008000e0        0x0
                0x008000e0                PROVIDE (__noinit_start, .)
 *(.noinit*)
                0x008000e0                PROVIDE (__noinit_end, .)
                0x008000e0                _end = .
                0x008000e0                PROVIDE (__heap_start, .)

.eeprom         0x00810000        0x0
 *(.eeprom*)
                0x00810000                __eeprom_end = .

.fuse
 *(.fuse)
 *(.lfuse)
 *(.hfuse)
 *(.efuse)

.lock
 *(.lock*)

.signature
 *(.signature*)

.stab
 *(.stab)

.stabstr
 *(.stabstr)

.stab.excl
 *(.stab.excl)

.stab.exclstr
 *(.stab.exclstr)

.stab.index
 *(.stab.index)

.stab.indexstr
 *(.stab.indexstr)

.comment
 *(.comment)

.debug
 *(.debug)

.line
 *(.line)

.debug_srcinfo
 *(.debug_srcinfo)

.debug_sfnames
 *(.debug_sfnames)

.debug_aranges  0x00000000       0x20
 *(.debug_aranges)
 .debug_aranges
                0x00000000       0x20 test_glcd2.o

.debug_pubnames
                0x00000000      0x52d
 *(.debug_pubnames)
 .debug_pubnames
                0x00000000      0x52d test_glcd2.o

.debug_info     0x00000000     0x290d
 *(.debug_info)
 .debug_info    0x00000000     0x290d test_glcd2.o
 *(.gnu.linkonce.wi.*)

.debug_abbrev   0x00000000      0x3f8
 *(.debug_abbrev)
 .debug_abbrev  0x00000000      0x3f8 test_glcd2.o

.debug_line     0x00000000     0x315c
 *(.debug_line)
 .debug_line    0x00000000     0x315c test_glcd2.o

.debug_frame    0x00000000      0x2f0
 *(.debug_frame)
 .debug_frame   0x00000000      0x2f0 test_glcd2.o

.debug_str      0x00000000      0x56a
 *(.debug_str)
 .debug_str     0x00000000      0x56a test_glcd2.o
                                0x5e2 (size before relaxing)

.debug_loc      0x00000000     0x1dbd
 *(.debug_loc)
 .debug_loc     0x00000000     0x1dbd test_glcd2.o

.debug_macinfo
 *(.debug_macinfo)
OUTPUT(test_glcd2.elf elf32-avr)
LOAD linker stubs

.debug_ranges   0x00000000      0x258
 .debug_ranges  0x00000000      0x258 test_glcd2.o
